src/modules/auth/controllers/login.controller.ts(345,18): error TS2339: Property 'name' does not exist on type '({ user: ObjectId; type: "salon" | "spa" | "freelancer"; status: "pending" | "rejected" | "active" | "suspended"; isActive: boolean; commissionRate: number; walletBalance: number; ... 14 more ...; updatedAt: NativeDate; } & { ...; } & { ...; } & Required<...>) | ({ ...; } & ... 2 more ... & Required<...>) | ({ ...; ...'.
  Property 'name' does not exist on type '{ user: ObjectId; type: "salon" | "spa" | "freelancer"; status: "pending" | "rejected" | "active" | "suspended"; isActive: boolean; commissionRate: number; walletBalance: number; ... 14 more ...; updatedAt: NativeDate; } & { ...; } & { ...; } & Required<...>'.
src/modules/auth/controllers/login.controller.ts(346,18): error TS2339: Property 'ownerName' does not exist on type '({ user: ObjectId; type: "salon" | "spa" | "freelancer"; status: "pending" | "rejected" | "active" | "suspended"; isActive: boolean; commissionRate: number; walletBalance: number; ... 14 more ...; updatedAt: NativeDate; } & { ...; } & { ...; } & Required<...>) | ({ ...; } & ... 2 more ... & Required<...>) | ({ ...; ...'.
  Property 'ownerName' does not exist on type '{ user: ObjectId; name: string; email: string; avatar: string; walletBalance: number; permissions: string[]; isSuperAdmin: boolean; createdAt: NativeDate; updatedAt: NativeDate; } & { ...; } & { ...; } & Required<...>'.
src/modules/user/controllers/review.controller.ts(39,44): error TS2769: No overload matches this call.
  The last overload gave the following error.
    Argument of type '{ user: any; salon: Types.ObjectId; service: Types.ObjectId | undefined; booking: Types.ObjectId; rating: any; comment: any; images: any; }' is not assignable to parameter of type '{ user?: ObjectIdQueryTypeCasting; salon?: ObjectIdQueryTypeCasting; service?: ObjectIdQueryTypeCasting; ... 7 more ...; _id?: ObjectIdQueryTypeCasting; }' with 'exactOptionalPropertyTypes: true'. Consider adding 'undefined' to the types of the target's properties.
      Types of property 'service' are incompatible.
        Type 'ObjectId | undefined' is not assignable to type 'ObjectIdQueryTypeCasting'.
          Type 'undefined' is not assignable to type 'ObjectIdQueryTypeCasting'.
